[html.design/demo/sunshine/index.html]
[html.design/detroitchicago/boise.js]
[html.design/detroitchicago/boise420f.js]
[html.design/detroitchicago/memphis.js]
[html.design/detroitchicago/memphisf5cf.js]
[html.design/detroitchicago/minneapolis.js]
[html.design/detroitchicago/minneapolis453e.js]
[html.design/detroitchicago/rochester.js]
[html.design/detroitchicago/rochester9620.js]
[html.design/detroitchicago/raleigh.js]
[html.design/detroitchicago/raleigh2693.js]
[html.design/detroitchicago/tampa.js]
[html.design/detroitchicago/tampa45f7.js]
[html.design/detroitchicago/tulsa.js]
[backblue.gif]
[fade.gif]
[index.html]
[html.design/detroitchicago/tulsa1fee.js]
[html.design/demo/sunshine/css/bootstrap.min.css]
[html.design/demo/sunshine/css/style.css]
[html.design/demo/sunshine/css/responsive.css]
[html.design/demo/sunshine/images/fevicon.png]
[html.design/demo/sunshine/css/jquery.mCustomScrollbar.min.css]
[netdna.bootstrapcdn.com/font-awesome/4.0.3/css/font-awesome.css]
[cdnjs.cloudflare.com/ajax/libs/fancybox/2.1.5/jquery.fancybox.min.css]
[html.design/demo/sunshine/images/loading.gif]
[html.design/demo/sunshine/images/logo.png]
[html.design/demo/sunshine/about.html]
[html.design/demo/sunshine/product.html]
[html.design/demo/sunshine/gallery.html]
[html.design/demo/sunshine/contact.html]
[html.design/demo/sunshine/images/about.png]
[html.design/demo/sunshine/images/pro1.png]
[html.design/demo/sunshine/images/pro2.png]
[html.design/demo/sunshine/images/pro3.png]
[html.design/demo/sunshine/images/pro4.png]
[html.design/demo/sunshine/images/frout.png]
[html.design/demo/sunshine/images/gallery2.png]
[html.design/demo/sunshine/images/gallery1.png]
[html.design/demo/sunshine/images/gallery3.png]
[html.design/demo/sunshine/images/gallery4.png]
[html.design/demo/sunshine/images/gallery5.png]
[html.design/demo/sunshine/images/gallery6.png]
[html.design/cdn-cgi/scripts/5c5dd728/cloudflare-static/email-decode.min.js]
[html.design/demo/sunshine/js/jquery.min.js]
[html.design/demo/sunshine/js/bootstrap.bundle.min.js]
[html.design/demo/sunshine/js/jquery-3.0.0.min.js]
[html.design/demo/sunshine/js/jquery.mCustomScrollbar.concat.min.js]
[html.design/demo/sunshine/js/custom.js]
[html.design/tardisrocinante/vitals.js]
[html.design/tardisrocinante/vitals5038.js]
[html.design/demo/sunshine/audins.js]
[go.ezoic.net/detroitchicago/audins0d9f.js]
[pixel.quantserve.com/pixel/p-31iz6hfFutd16d537.gif]
[html.design/beardeddragon/drake.js]
[html.design/beardeddragon/drake6190.js]
[html.design/demo/sunshine/index.html]
[html.design/demo/sunshine/about.html]
[html.design/demo/sunshine/product.html]
[html.design/demo/sunshine/gallery.html]
[html.design/demo/sunshine/contact.html]
[html.design/detroitchicago/memphis.js]
[html.design/detroitchicago/memphisf5cf.js]
[html.design/detroitchicago/raleigh.js]
[html.design/detroitchicago/raleigh2693.js]
[html.design/detroitchicago/tampa.js]
[html.design/detroitchicago/tampa45f7.js]
[html.design/detroitchicago/tulsa.js]
[html.design/detroitchicago/tulsa1fee.js]
[html.design/demo/sunshine/images/loading.gif]
[html.design/demo/sunshine/images/pro1.png]
[html.design/demo/sunshine/images/pro2.png]
[html.design/demo/sunshine/images/about.png]
[html.design/demo/sunshine/images/pro3.png]
[html.design/demo/sunshine/images/pro4.png]
[html.design/demo/sunshine/images/gallery1.png]
[html.design/demo/sunshine/images/gallery2.png]
[html.design/demo/sunshine/images/frout.png]
[html.design/demo/sunshine/images/gallery3.png]
[html.design/demo/sunshine/images/gallery4.png]
[html.design/demo/sunshine/images/gallery5.png]
[html.design/cdn-cgi/scripts/5c5dd728/cloudflare-static/email-decode.min.js]
[html.design/demo/sunshine/images/gallery6.png]
[html.design/demo/sunshine/js/jquery.min.js]
[html.design/demo/sunshine/js/jquery-3.0.0.min.js]
[html.design/demo/sunshine/js/bootstrap.bundle.min.js]
[html.design/demo/sunshine/js/custom.js]
[html.design/demo/sunshine/js/jquery.mCustomScrollbar.concat.min.js]
[html.design/tardisrocinante/vitals.js]
[html.design/tardisrocinante/vitals5038.js]
[pixel.quantserve.com/pixel/p-31iz6hfFutd16d537.gif]
[html.design/beardeddragon/drake.js]
[html.design/demo/sunshine/css/bootstrap.min.css]
[html.design/demo/sunshine/css/animate.min.css]
[html.design/demo/sunshine/css/normalize.css]
[html.design/demo/sunshine/css/icomoon.css]
[html.design/demo/sunshine/css/font-awesome.min.css]
[html.design/demo/sunshine/css/meanmenu.css]
[html.design/demo/sunshine/css/owl.carousel.min.css]
[html.design/demo/sunshine/css/swiper.min.css]
[html.design/demo/sunshine/css/slick.css]
[html.design/demo/sunshine/css/jquery.fancybox.min.css]
[html.design/demo/sunshine/css/jquery-ui.css]
[html.design/demo/sunshine/css/nice-select.css]
[html.design/demo/sunshine/images/lo_be1.png]
[html.design/demo/sunshine/images/banner2.jpg]
[html.design/demo/sunshine/css/style.css]
[html.design/demo/sunshine/images/background_co.jpg]
[html.design/demo/sunshine/images/lo_be.png]
[html.design/demo/sunshine/images/menu_icon.png]
[html.design/demo/sunshine/images/lo_be-Copy.png]
[html.design/demo/sunshine/css/responsive.css]
[html.design/demo/sunshine/images/fevicon.html]
[html.design/demo/sunshine/css/mCSB_buttons.png]
[html.design/demo/sunshine/css/jquery.mCustomScrollbar.min.css]
[netdna.bootstrapcdn.com/font-awesome/4.0.3/css/font-awesome.css]
[netdna.bootstrapcdn.com/font-awesome/4.0.3/fonts/fontawesome-webfontba72.svg]
[cdnjs.cloudflare.com/ajax/libs/fancybox/2.1.5/fancybox_sprite.png]
[cdnjs.cloudflare.com/ajax/libs/fancybox/2.1.5/fancybox_loading.gif]
[cdnjs.cloudflare.com/ajax/libs/fancybox/2.1.5/blank.gif]
[cdnjs.cloudflare.com/ajax/libs/fancybox/2.1.5/fancybox_loading.gif]
[cdnjs.cloudflare.com/ajax/libs/fancybox/2.1.5/fancybox_overlay.png]
[cdnjs.cloudflare.com/ajax/libs/fancybox/2.1.5/fancybox_sprite@2x.png]
[cdnjs.cloudflare.com/ajax/libs/fancybox/2.1.5/fancybox_overlay.png]
[cdnjs.cloudflare.com/ajax/libs/fancybox/2.1.5/jquery.fancybox.min.css]
[html.design/demo/sunshine/audins.html]
[cdnjs.cloudflare.com/ajax/libs/fancybox/2.1.5/fancybox_loading@2x.gif]
[html.design/demo/sunshine/css/animate.min.css]
[html.design/demo/sunshine/css/normalize.css]
[html.design/demo/sunshine/css/icomoon.css]
[html.design/demo/sunshine/fonts/IcoMoon-Free.ttf]
[html.design/demo/sunshine/fonts/fontawesome-webfont3e6e.eot]
[html.design/demo/sunshine/fonts/fontawesome-webfontd41d.eot]
[html.design/demo/sunshine/fonts/fontawesome-webfont3e6e.woff2]
[html.design/demo/sunshine/fonts/fontawesome-webfont3e6e.woff]
[html.design/demo/sunshine/fonts/fontawesome-webfont3e6e.ttf]
[html.design/demo/sunshine/css/font-awesome.min.css]
[html.design/demo/sunshine/css/meanmenu.css]
[html.design/demo/sunshine/fonts/fontawesome-webfont3e6e.svg]
[html.design/demo/sunshine/css/owl.video.play.png]
[html.design/demo/sunshine/css/owl.carousel.min.css]
[html.design/demo/sunshine/css/swiper.min.html]
[html.design/demo/sunshine/css/slick.css]
[html.design/demo/sunshine/css/jquery.fancybox.min.css]
[html.design/demo/sunshine/css/images/ui-icons_444444_256x240.png]
[html.design/demo/sunshine/css/images/ui-icons_555555_256x240.png]
[html.design/demo/sunshine/css/images/ui-icons_ffffff_256x240.png]
[html.design/demo/sunshine/css/images/ui-icons_777620_256x240.png]
[html.design/demo/sunshine/css/images/ui-icons_cc0000_256x240.png]
[html.design/demo/sunshine/css/images/ui-icons_777777_256x240.png]
[html.design/demo/sunshine/css/jquery-ui.css]
[html.design/demo/sunshine/css/nice-select.css]
[html.design/demo/sunshine/css/mCSB_buttons.html]
[netdna.bootstrapcdn.com/font-awesome/4.0.3/fonts/fontawesome-webfontba72.svg]
[html.design/detroitchicago/grapefruit.html]
[html.design/porpoiseant/army.html]
[html.design/demo/sunshine/fonts/fontawesome-webfont3e6e.svg]
[html.design/demo/sunshine/css/owl.video.play.html]
[html.design/demo/sunshine/css/images/ui-icons_444444_256x240.html]
[html.design/demo/sunshine/css/images/ui-icons_555555_256x240.html]
[html.design/demo/sunshine/css/images/ui-icons_ffffff_256x240.html]
[html.design/demo/sunshine/css/images/ui-icons_777620_256x240.html]
[html.design/demo/sunshine/css/images/ui-icons_cc0000_256x240.html]
[html.design/demo/sunshine/css/images/ui-icons_777777_256x240.html]
